// Jest Snapshot v1, https://goo.gl/fbAQLP

exports[`<Counter /> should match snapshot 1`] = `
<div>
  <button
    onClick={[Function]}
  >
    -
  </button>
  <span>
     0 
  </span>
  <button
    onClick={[Function]}
  >
    +
  </button>
</div>
`;
