// Jest Snapshot v1, https://goo.gl/fbAQLP

exports[`<clock /> renders 1`] = `
<p>
  12:29:46
</p>
`;
