// Jest Snapshot v1, https://goo.gl/fbAQLP

exports[`<clock /> renders 1`] = `
<p>
  13:43:03
</p>
`;
